// Jest Snapshot v1, https://goo.gl/fbAQLP

exports[`Header Test User Login Test Snapshot 1`] = `
<Styled(Adapter)>
  <styled.div
    height="60px"
    horizontal={true}
    width="1200px"
  >
    <div
      style={
        Object {
          "display": "flex",
        }
      }
    >
      <Link
        replace={false}
        to="/"
      >
        <div
          className="icon-wrapper"
        >
          <img
            src={null}
          />
        </div>
      </Link>
      <div
        className="nav-bal-wrapper"
      >
        <div
          className="nav-bal-item"
        >
          <div>
            ETH
          </div>
          <div
            className="nav-bal-value"
          >
            123.0
          </div>
        </div>
        <div
          className="nav-bal-item"
        >
          <div>
            WETH
          </div>
          <div
            className="nav-bal-value"
          >
            456.0
          </div>
        </div>
      </div>
    </div>
    <styled.div
      horizontal={true}
    >
      <div
        className="nav-button-wrapper"
      >
        <a
          onClick={[Function]}
        >
          ORDERS
        </a>
      </div>
      <div
        className="nav-button-wrapper"
      >
        <Link
          replace={false}
          to="/status"
        >
          STATUS
        </Link>
      </div>
    </styled.div>
  </styled.div>
</Styled(Adapter)>
`;
