// Jest Snapshot v1, https://goo.gl/fbAQLP

exports[`Header Test User Login Test Snapshot 1`] = `
<Styled(Adapter)>
  <styled.div
    horizontal={true}
    width="1200px"
  >
    <Link
      replace={false}
      to="/"
    >
      <div
        className="icon-wrapper"
      >
        <img
          src={null}
        />
      </div>
    </Link>
    <styled.div
      horizontal={true}
    >
      <div
        className="nav-button-wrapper"
      >
        <Link
          replace={false}
          to="/status"
        >
          STATUS
        </Link>
      </div>
      <CardTitleSelect
        locale="EN"
        onSelect={[Function]}
      />
    </styled.div>
  </styled.div>
</Styled(Adapter)>
`;
