// Jest Snapshot v1, https://goo.gl/fbAQLP

exports[`BalanceCard Test Test Snapshot Test Snapshot 1`] = `
<Styled(Card)
  margin="0 0 0 10px"
  title={
    <styled.div>
      BALANCE
       
    </styled.div>
  }
  width="790px"
>
  <styled.div
    horizontal={true}
    padding="0 10px"
  >
    <BalanceInfo
      icon={null}
      name="ETH"
      value={123}
    />
    <BalanceInfo
      icon={null}
      name="WETH"
      value={123}
    />
    <BalanceInfo
      icon={null}
      name="Balance"
      value={123}
    />
  </styled.div>
</Styled(Card)>
`;
