// Jest Snapshot v1, https://goo.gl/fbAQLP

exports[`DummyCustodianCard Test Test Snapshot Test Snapshot 1`] = `
<Styled(Card)
  margin="test"
  title={
    <styled.div
      style={
        Object {
          "cursor": "Pointer",
        }
      }
    >
      test Loading...
    </styled.div>
  }
  width="360px"
>
  <styled.div
    horizontal={true}
  >
    <styled.div
      noLiBorder={true}
      noMargin={true}
      noUlBorder={true}
      width="56%"
    >
      <div
        className="status-list-wrapper"
      >
        <ul>
          <li>
            <span
              className="title"
              style={
                Object {
                  "alignItems": "center",
                  "display": "flex",
                }
              }
            >
              ETH
            </span>
            <span
              className="title"
              style={
                Object {
                  "alignItems": "center",
                  "display": "flex",
                  "transform": "scaleX(1.5)",
                }
              }
            >
              <Icon
                type="swap"
              />
            </span>
            <span
              className="content"
            >
              <div
                className="cus-des"
              >
                <div>
                  Short Token
                </div>
                <div>
                  Long Token
                </div>
              </div>
            </span>
          </li>
          <li
            style={
              Object {
                "justifyContent": "start",
              }
            }
          >
            <span
              className="title"
              style={
                Object {
                  "fontSize": 10,
                }
              }
            >
              Fully backed by
            </span>
            <span
              className="content"
              style={
                Object {
                  "fontSize": 10,
                  "marginLeft": 4,
                }
              }
            >
              <b>
                0ETH
              </b>
            </span>
          </li>
        </ul>
      </div>
    </styled.div>
    <div
      style={
        Object {
          "alignItems": "center",
          "display": "flex",
          "justifyContent": "center",
          "padding": "0 0 0 10px",
          "width": "44%",
        }
      }
    >
      <styled.button>
        Convert
      </styled.button>
    </div>
  </styled.div>
  <styled.div
    horizontal={true}
    padding="10px 5px 0 5px"
    style={
      Object {
        "color": "rgba(64,79,84,.8)",
        "fontSize": 12,
      }
    }
  >
    <div
      className="cuscardtokenwrapper"
    >
      <span
        style={
          Object {
            "alignItems": "center",
            "display": "flex",
          }
        }
      >
        -
        <span
          className="aspan"
        >
          SHORT
        </span>
      </span>
      <span>
        -
      </span>
    </div>
    <div
      className="cuscardnavtag"
    >
      <span
        className="navspan"
      >
        NAV
      </span>
      <span>
        <b>
          $ 0
        </b>
      </span>
    </div>
  </styled.div>
  <styled.div
    height="90px"
    horizontal={true}
    padding="5px 0 15px 0"
  >
    <div
      style={
        Object {
          "width": "56%",
        }
      }
    >
      <TimeSeriesChart
        isA={true}
        name="-"
        prices={Array []}
        timeOffset={25200}
      />
    </div>
    <div
      style={
        Object {
          "display": "flex",
          "flexDirection": "column",
          "justifyContent": "space-between",
          "padding": "5px 0 0 10px",
          "width": "44%",
        }
      }
    >
      <div
        style={
          Object {
            "display": "flex",
            "justifyContent": "space-between",
          }
        }
      >
        <div
          className="px-left"
        >
          <b>
            -
          </b>
        </div>
        <div
          className="px-right"
        >
          <b>
            -
          </b>
        </div>
      </div>
      <styled.button>
        Trade
      </styled.button>
    </div>
  </styled.div>
  <styled.div
    horizontal={true}
    padding="0 5px 0 5px"
    style={
      Object {
        "color": "rgba(64,79,84,.8)",
        "fontSize": 12,
      }
    }
  >
    <div
      className="cuscardtokenwrapper"
    >
      <span
        style={
          Object {
            "alignItems": "center",
            "display": "flex",
          }
        }
      >
        -
        <span
          className="aspan"
        >
          LONG
        </span>
      </span>
      <span>
        -
      </span>
    </div>
    <div
      className="cuscardnavtag"
    >
      <span
        className="navspan"
      >
        NAV
      </span>
      <span>
        <b>
          $ 0
        </b>
      </span>
    </div>
  </styled.div>
  <styled.div
    height="80px"
    horizontal={true}
    padding="5px 0 5px 0"
  >
    <div
      style={
        Object {
          "width": "56%",
        }
      }
    >
      <TimeSeriesChart
        isA={false}
        name="-"
        prices={Array []}
        timeOffset={25200}
      />
    </div>
    <div
      style={
        Object {
          "display": "flex",
          "flexDirection": "column",
          "justifyContent": "space-between",
          "padding": "5px 0 0 10px",
          "width": "44%",
        }
      }
    >
      <div
        style={
          Object {
            "display": "flex",
            "justifyContent": "space-between",
          }
        }
      >
        <div
          className="px-left"
        >
          <b>
            -
          </b>
        </div>
        <div
          className="px-right"
        >
          <b>
            -
          </b>
        </div>
      </div>
      <styled.button>
        Trade
      </styled.button>
    </div>
  </styled.div>
  <styled.div
    horizontal={true}
    padding="0"
    width="30%"
  >
    <styled.button
      className="range-picker day-Button"
      key="1"
      style={
        Object {
          "border": "none",
        }
      }
    >
      24H
    </styled.button>
    <styled.button
      className="range-picker day-Button"
      key="3"
      style={
        Object {
          "border": "none",
        }
      }
    >
      3D
    </styled.button>
    <styled.button
      className="range-picker "
      key="7"
      style={
        Object {
          "border": "none",
        }
      }
    >
      7D
    </styled.button>
  </styled.div>
</Styled(Card)>
`;
