// Jest Snapshot v1, https://goo.gl/fbAQLP

exports[`OperationCard Test When user search by Price and Volume Test Snapshot 1`] = `
<Styled(Card)
  margin="0 0 0 5px"
  title={
    <styled.div>
      ORDER
    </styled.div>
  }
  width="370px"
>
  <styled.div>
    <styled.div>
      <div
        className="status-list-wrapper"
      >
        <ul>
          <li
            className="block-title"
          >
            <span>
              Trades
            </span>
          </li>
          <li>
            <styled.div
              horizontal={true}
              marginBottom="10px"
              padding="5px 10px 0 0"
              width="100%"
            >
              <button
                className="conv-button selected"
                onClick={[Function]}
              >
                SELL
              </button>
              <button
                className="conv-button non-select"
                onClick={[Function]}
              >
                BUY
              </button>
            </styled.div>
          </li>
          <li
            className="input-line bg-dark"
          >
            <Select
              choiceTransitionName="zoom"
              onSelect={[Function]}
              prefixCls="ant-select"
              showSearch={true}
              style={
                Object {
                  "width": 200,
                }
              }
              transitionName="slide-up"
              value="Target Currency"
            >
              <Option
                key="ZRX"
              >
                ZRX
              </Option>
              <Option
                key="ETH"
              >
                ETH
              </Option>
            </Select>
            <styled.input
              className="bg-dark"
              onBlur={[Function]}
              onChange={[Function]}
              placeholder="Target Currency"
              right={true}
              value=""
              width="60%"
            />
          </li>
          <li
            className="input-line"
          >
            <Select
              choiceTransitionName="zoom"
              onSelect={[Function]}
              prefixCls="ant-select"
              showSearch={true}
              style={
                Object {
                  "width": 200,
                }
              }
              transitionName="slide-up"
              value="Base Currency"
            >
              <Option
                key="ZRX"
              >
                ZRX
              </Option>
              <Option
                key="ETH"
              >
                ETH
              </Option>
            </Select>
            <styled.input
              className=""
              onBlur={[Function]}
              onChange={[Function]}
              placeholder="Base Currency"
              right={true}
              value=""
              width="60%"
            />
          </li>
          <li
            className="input-line"
          >
            <span
              className="title"
              style={
                Object {
                  "width": 200,
                }
              }
            >
              PRICE
            </span>
            <styled.input
              className=""
              onBlur={[Function]}
              onChange={[Function]}
              placeholder="PRICE"
              right={true}
              value=""
              width="60%"
            />
          </li>
          <li
            className="input-line"
          >
            <span
              className="title"
              style={
                Object {
                  "width": 200,
                }
              }
            >
              EXPIRE TIME
            </span>
            <PickerWrapper
              format="YYYY-MM-DD"
              inputPrefixCls="ant-input"
              locale={Object {}}
              onChange={[Function]}
              onOk={[Function]}
              onOpenChange={[Function]}
              popupStyle={Object {}}
              prefixCls="ant-calendar"
              style={
                Object {
                  "width": 170,
                }
              }
              transitionName="slide-up"
              value={null}
            />
            <TimePicker
              align={
                Object {
                  "offset": Array [
                    0,
                    -2,
                  ],
                }
              }
              disabled={false}
              focusOnOpen={true}
              hideDisabledOptions={false}
              onChange={[Function]}
              placement="bottomLeft"
              prefixCls="ant-time-picker"
              transitionName="slide-up"
              value={null}
            />
          </li>
          <li
            className="description"
          >
            <div />
          </li>
          <li>
            <styled.div
              horizontal={true}
              marginTop="10px"
              padding="0"
              width="100%"
            >
              <button
                className="form-button"
                disabled={false}
                onClick={[Function]}
              >
                Submit
              </button>
              <button
                className="form-button"
                onClick={[Function]}
              >
                Clear
              </button>
            </styled.div>
          </li>
        </ul>
      </div>
    </styled.div>
  </styled.div>
</Styled(Card)>
`;
