// Jest Snapshot v1, https://goo.gl/fbAQLP

exports[`OperationHistory Test User Login Test Snapshot 1`] = `
<Styled(Card)
  margin="0 10px 0 0"
  title={
    <styled.div>
      ORDER HISTORY
      <Select
        choiceTransitionName="zoom"
        onChange={[Function]}
        prefixCls="ant-select"
        showSearch={false}
        style={
          Object {
            "width": 200,
          }
        }
        transitionName="slide-up"
        value="Summary"
      >
        <Option
          value="Detail"
        >
          Detail
        </Option>
        <Option
          value="Summary"
        >
          Summary
        </Option>
      </Select>
    </styled.div>
  }
  width="800px"
>
  <styled.div
    center={true}
    horizontal={true}
  >
    <styled.div>
      <div
        className="status-list-wrapper"
      >
        <ul>
          <li
            className="right"
          >
            <span
              className="title"
              style={
                Object {
                  "textAlign": "center",
                  "width": 30,
                }
              }
            >
              AMT
            </span>
            <span
              className="title"
              style={
                Object {
                  "textAlign": "center",
                  "width": 30,
                }
              }
            >
              BAL
            </span>
            <span
              className="title"
              style={
                Object {
                  "textAlign": "center",
                  "width": 30,
                }
              }
            >
              FILL
            </span>
            <span
              className="title"
              style={
                Object {
                  "textAlign": "center",
                  "width": 30,
                }
              }
            >
              PRICE
            </span>
            <span
              className="title"
              style={
                Object {
                  "textAlign": "center",
                  "width": 30,
                }
              }
            >
              SIDE
            </span>
            <span
              className="title"
              style={
                Object {
                  "textAlign": "center",
                  "width": 30,
                }
              }
            >
              Actions
            </span>
            <span
              className="title"
              style={
                Object {
                  "textAlign": "center",
                  "width": 120,
                }
              }
            >
              Time
            </span>
          </li>
          <li
            key="0"
            style={
              Object {
                "height": "40px",
              }
            }
          >
            <span
              className="content"
              style={
                Object {
                  "textAlign": "center",
                  "width": 30,
                }
              }
            >
              2.00
            </span>
            <span
              className="content"
              style={
                Object {
                  "textAlign": "center",
                  "width": 30,
                }
              }
            >
              1.00
            </span>
            <span
              className="content"
              style={
                Object {
                  "textAlign": "center",
                  "width": 30,
                }
              }
            >
              -
            </span>
            <span
              className="title"
              style={
                Object {
                  "textAlign": "center",
                  "width": 30,
                }
              }
            >
              0.1667
            </span>
            <span
              className="title"
              style={
                Object {
                  "textAlign": "center",
                  "width": 30,
                }
              }
            >
              ask
            </span>
            <span
              className="title"
              style={
                Object {
                  "textAlign": "center",
                  "width": 30,
                }
              }
            >
              add
            </span>
            <span
              className="title"
              style={
                Object {
                  "textAlign": "center",
                  "width": 120,
                }
              }
            >
              02-11-2018 15:16:47
            </span>
          </li>
          <li
            key="1"
            style={
              Object {
                "height": "40px",
              }
            }
          >
            <span
              className="content"
              style={
                Object {
                  "textAlign": "center",
                  "width": 30,
                }
              }
            >
              2.00
            </span>
            <span
              className="content"
              style={
                Object {
                  "textAlign": "center",
                  "width": 30,
                }
              }
            >
              1.00
            </span>
            <span
              className="content"
              style={
                Object {
                  "textAlign": "center",
                  "width": 30,
                }
              }
            >
              -
            </span>
            <span
              className="title"
              style={
                Object {
                  "textAlign": "center",
                  "width": 30,
                }
              }
            >
              0.1667
            </span>
            <span
              className="title"
              style={
                Object {
                  "textAlign": "center",
                  "width": 30,
                }
              }
            >
              ask
            </span>
            <span
              className="title"
              style={
                Object {
                  "textAlign": "center",
                  "width": 30,
                }
              }
            >
              add
            </span>
            <span
              className="title"
              style={
                Object {
                  "textAlign": "center",
                  "width": 120,
                }
              }
            >
              02-11-2018 15:16:47
            </span>
          </li>
        </ul>
      </div>
    </styled.div>
    <styled.div
      fixWidth={true}
      style={
        Object {
          "width": "100px",
        }
      }
    >
      <div
        className="status-list-wrapper narrow"
      >
        <ul
          className="noborder"
        >
          <li>
            <span
              className="title"
            >
              Status
            </span>
          </li>
          <li
            key="0"
            style={
              Object {
                "height": "28px",
              }
            }
          >
            <span
              className="title"
            >
              confirm
            </span>
          </li>
          <li
            key="1"
            style={
              Object {
                "height": "28px",
              }
            }
          >
            <span
              className="title"
            >
              pending
            </span>
          </li>
        </ul>
      </div>
    </styled.div>
    <styled.div
      fixWidth={true}
      style={
        Object {
          "width": "150px",
        }
      }
    >
      <div
        className="status-list-wrapper narrow"
      >
        <ul
          className="noborder"
        >
          <li>
            <span
              className="title"
            >
              Actions
            </span>
          </li>
          <Popconfirm
            cancelText="Cancel"
            icon={
              <Icon
                theme="filled"
                type="exclamation-circle"
              />
            }
            key="0"
            okText="Confirm"
            okType="primary"
            onConfirm={[Function]}
            placement="top"
            prefixCls="ant-popover"
            title="Are you sure to delete this order?"
            transitionName="zoom-big"
            trigger="click"
          >
            <li
              key="0"
              onClick={[Function]}
              style={
                Object {
                  "height": "28px",
                }
              }
            >
              <button
                className="form-button"
                disabled={false}
              >
                cancel
              </button>
            </li>
          </Popconfirm>
          <Popconfirm
            cancelText="Cancel"
            icon={
              <Icon
                theme="filled"
                type="exclamation-circle"
              />
            }
            key="1"
            okText="Confirm"
            okType="primary"
            onConfirm={[Function]}
            placement="top"
            prefixCls="ant-popover"
            title="Are you sure to delete this order?"
            transitionName="zoom-big"
            trigger="click"
          >
            <li
              key="1"
              onClick={[Function]}
              style={
                Object {
                  "height": "28px",
                }
              }
            >
              <button
                className="form-button"
                disabled={true}
              >
                cancel
              </button>
            </li>
          </Popconfirm>
        </ul>
      </div>
    </styled.div>
  </styled.div>
</Styled(Card)>
`;

exports[`OperationHistory Test User Login Test Snapshot 2`] = `
<Styled(Card)
  margin="0 10px 0 0"
  title={
    <styled.div>
      ORDER HISTORY
      <Select
        choiceTransitionName="zoom"
        onChange={[Function]}
        prefixCls="ant-select"
        showSearch={false}
        style={
          Object {
            "width": 200,
          }
        }
        transitionName="slide-up"
        value="Summary"
      >
        <Option
          value="Detail"
        >
          Detail
        </Option>
        <Option
          value="Summary"
        >
          Summary
        </Option>
      </Select>
    </styled.div>
  }
  width="800px"
>
  <styled.div
    center={true}
    horizontal={true}
  >
    <styled.div>
      <div
        className="status-list-wrapper"
      >
        <ul>
          <li
            className="right"
          >
            <span
              className="title"
              style={
                Object {
                  "textAlign": "center",
                  "width": 30,
                }
              }
            >
              AMT
            </span>
            <span
              className="title"
              style={
                Object {
                  "textAlign": "center",
                  "width": 30,
                }
              }
            >
              BAL
            </span>
            <span
              className="title"
              style={
                Object {
                  "textAlign": "center",
                  "width": 30,
                }
              }
            >
              FILL
            </span>
            <span
              className="title"
              style={
                Object {
                  "textAlign": "center",
                  "width": 30,
                }
              }
            >
              PRICE
            </span>
            <span
              className="title"
              style={
                Object {
                  "textAlign": "center",
                  "width": 30,
                }
              }
            >
              SIDE
            </span>
            <span
              className="title"
              style={
                Object {
                  "textAlign": "center",
                  "width": 30,
                }
              }
            >
              Actions
            </span>
            <span
              className="title"
              style={
                Object {
                  "textAlign": "center",
                  "width": 120,
                }
              }
            >
              Time
            </span>
          </li>
          <li
            key="0"
            style={
              Object {
                "height": "40px",
              }
            }
          >
            <span
              className="content"
              style={
                Object {
                  "textAlign": "center",
                  "width": 30,
                }
              }
            >
              2.00
            </span>
            <span
              className="content"
              style={
                Object {
                  "textAlign": "center",
                  "width": 30,
                }
              }
            >
              1.00
            </span>
            <span
              className="content"
              style={
                Object {
                  "textAlign": "center",
                  "width": 30,
                }
              }
            >
              -
            </span>
            <span
              className="title"
              style={
                Object {
                  "textAlign": "center",
                  "width": 30,
                }
              }
            >
              0.1667
            </span>
            <span
              className="title"
              style={
                Object {
                  "textAlign": "center",
                  "width": 30,
                }
              }
            >
              ask
            </span>
            <span
              className="title"
              style={
                Object {
                  "textAlign": "center",
                  "width": 30,
                }
              }
            >
              add
            </span>
            <span
              className="title"
              style={
                Object {
                  "textAlign": "center",
                  "width": 120,
                }
              }
            >
              02-11-2018 15:16:47
            </span>
          </li>
          <li
            key="1"
            style={
              Object {
                "height": "40px",
              }
            }
          >
            <span
              className="content"
              style={
                Object {
                  "textAlign": "center",
                  "width": 30,
                }
              }
            >
              2.00
            </span>
            <span
              className="content"
              style={
                Object {
                  "textAlign": "center",
                  "width": 30,
                }
              }
            >
              1.00
            </span>
            <span
              className="content"
              style={
                Object {
                  "textAlign": "center",
                  "width": 30,
                }
              }
            >
              -
            </span>
            <span
              className="title"
              style={
                Object {
                  "textAlign": "center",
                  "width": 30,
                }
              }
            >
              0.1667
            </span>
            <span
              className="title"
              style={
                Object {
                  "textAlign": "center",
                  "width": 30,
                }
              }
            >
              ask
            </span>
            <span
              className="title"
              style={
                Object {
                  "textAlign": "center",
                  "width": 30,
                }
              }
            >
              add
            </span>
            <span
              className="title"
              style={
                Object {
                  "textAlign": "center",
                  "width": 120,
                }
              }
            >
              02-11-2018 15:16:47
            </span>
          </li>
        </ul>
      </div>
    </styled.div>
    <styled.div
      fixWidth={true}
      style={
        Object {
          "width": "100px",
        }
      }
    >
      <div
        className="status-list-wrapper narrow"
      >
        <ul
          className="noborder"
        >
          <li>
            <span
              className="title"
            >
              Status
            </span>
          </li>
          <li
            key="0"
            style={
              Object {
                "height": "28px",
              }
            }
          >
            <span
              className="title"
            >
              confirm
            </span>
          </li>
          <li
            key="1"
            style={
              Object {
                "height": "28px",
              }
            }
          >
            <span
              className="title"
            >
              pending
            </span>
          </li>
        </ul>
      </div>
    </styled.div>
    <styled.div
      fixWidth={true}
      style={
        Object {
          "width": "150px",
        }
      }
    >
      <div
        className="status-list-wrapper narrow"
      >
        <ul
          className="noborder"
        >
          <li>
            <span
              className="title"
            >
              Actions
            </span>
          </li>
          <Popconfirm
            cancelText="Cancel"
            icon={
              <Icon
                theme="filled"
                type="exclamation-circle"
              />
            }
            key="0"
            okText="Confirm"
            okType="primary"
            onConfirm={[Function]}
            placement="top"
            prefixCls="ant-popover"
            title="Are you sure to delete this order?"
            transitionName="zoom-big"
            trigger="click"
          >
            <li
              key="0"
              onClick={[Function]}
              style={
                Object {
                  "height": "28px",
                }
              }
            >
              <button
                className="form-button"
                disabled={false}
              >
                cancel
              </button>
            </li>
          </Popconfirm>
          <Popconfirm
            cancelText="Cancel"
            icon={
              <Icon
                theme="filled"
                type="exclamation-circle"
              />
            }
            key="1"
            okText="Confirm"
            okType="primary"
            onConfirm={[Function]}
            placement="top"
            prefixCls="ant-popover"
            title="Are you sure to delete this order?"
            transitionName="zoom-big"
            trigger="click"
          >
            <li
              key="1"
              onClick={[Function]}
              style={
                Object {
                  "height": "28px",
                }
              }
            >
              <button
                className="form-button"
                disabled={true}
              >
                cancel
              </button>
            </li>
          </Popconfirm>
        </ul>
      </div>
    </styled.div>
  </styled.div>
</Styled(Card)>
`;

exports[`OperationHistory Test User Login Test Snapshot 3`] = `
<Styled(Card)
  margin="0 10px 0 0"
  title={
    <styled.div>
      ORDER HISTORY
      <Select
        choiceTransitionName="zoom"
        onChange={[Function]}
        prefixCls="ant-select"
        showSearch={false}
        style={
          Object {
            "width": 200,
          }
        }
        transitionName="slide-up"
        value="Summary"
      >
        <Option
          value="Detail"
        >
          Detail
        </Option>
        <Option
          value="Summary"
        >
          Summary
        </Option>
      </Select>
    </styled.div>
  }
  width="800px"
>
  <styled.div
    center={true}
    horizontal={true}
  >
    <styled.div>
      <div
        className="status-list-wrapper"
      >
        <ul>
          <li
            className="right"
          >
            <span
              className="title"
              style={
                Object {
                  "textAlign": "center",
                  "width": 30,
                }
              }
            >
              AMT
            </span>
            <span
              className="title"
              style={
                Object {
                  "textAlign": "center",
                  "width": 30,
                }
              }
            >
              BAL
            </span>
            <span
              className="title"
              style={
                Object {
                  "textAlign": "center",
                  "width": 30,
                }
              }
            >
              FILL
            </span>
            <span
              className="title"
              style={
                Object {
                  "textAlign": "center",
                  "width": 30,
                }
              }
            >
              PRICE
            </span>
            <span
              className="title"
              style={
                Object {
                  "textAlign": "center",
                  "width": 30,
                }
              }
            >
              SIDE
            </span>
            <span
              className="title"
              style={
                Object {
                  "textAlign": "center",
                  "width": 30,
                }
              }
            >
              Actions
            </span>
            <span
              className="title"
              style={
                Object {
                  "textAlign": "center",
                  "width": 120,
                }
              }
            >
              Time
            </span>
          </li>
          <li
            key="0"
            style={
              Object {
                "height": "40px",
              }
            }
          >
            <span
              className="content"
              style={
                Object {
                  "textAlign": "center",
                  "width": 30,
                }
              }
            >
              2.00
            </span>
            <span
              className="content"
              style={
                Object {
                  "textAlign": "center",
                  "width": 30,
                }
              }
            >
              1.00
            </span>
            <span
              className="content"
              style={
                Object {
                  "textAlign": "center",
                  "width": 30,
                }
              }
            >
              -
            </span>
            <span
              className="title"
              style={
                Object {
                  "textAlign": "center",
                  "width": 30,
                }
              }
            >
              0.1667
            </span>
            <span
              className="title"
              style={
                Object {
                  "textAlign": "center",
                  "width": 30,
                }
              }
            >
              ask
            </span>
            <span
              className="title"
              style={
                Object {
                  "textAlign": "center",
                  "width": 30,
                }
              }
            >
              add
            </span>
            <span
              className="title"
              style={
                Object {
                  "textAlign": "center",
                  "width": 120,
                }
              }
            >
              02-11-2018 15:16:47
            </span>
          </li>
          <li
            key="1"
            style={
              Object {
                "height": "40px",
              }
            }
          >
            <span
              className="content"
              style={
                Object {
                  "textAlign": "center",
                  "width": 30,
                }
              }
            >
              2.00
            </span>
            <span
              className="content"
              style={
                Object {
                  "textAlign": "center",
                  "width": 30,
                }
              }
            >
              1.00
            </span>
            <span
              className="content"
              style={
                Object {
                  "textAlign": "center",
                  "width": 30,
                }
              }
            >
              -
            </span>
            <span
              className="title"
              style={
                Object {
                  "textAlign": "center",
                  "width": 30,
                }
              }
            >
              0.1667
            </span>
            <span
              className="title"
              style={
                Object {
                  "textAlign": "center",
                  "width": 30,
                }
              }
            >
              ask
            </span>
            <span
              className="title"
              style={
                Object {
                  "textAlign": "center",
                  "width": 30,
                }
              }
            >
              add
            </span>
            <span
              className="title"
              style={
                Object {
                  "textAlign": "center",
                  "width": 120,
                }
              }
            >
              02-11-2018 15:16:47
            </span>
          </li>
        </ul>
      </div>
    </styled.div>
    <styled.div
      fixWidth={true}
      style={
        Object {
          "width": "100px",
        }
      }
    >
      <div
        className="status-list-wrapper narrow"
      >
        <ul
          className="noborder"
        >
          <li>
            <span
              className="title"
            >
              Status
            </span>
          </li>
          <li
            key="0"
            style={
              Object {
                "height": "28px",
              }
            }
          >
            <span
              className="title"
            >
              confirm
            </span>
          </li>
          <li
            key="1"
            style={
              Object {
                "height": "28px",
              }
            }
          >
            <span
              className="title"
            >
              pending
            </span>
          </li>
        </ul>
      </div>
    </styled.div>
    <styled.div
      fixWidth={true}
      style={
        Object {
          "width": "150px",
        }
      }
    >
      <div
        className="status-list-wrapper narrow"
      >
        <ul
          className="noborder"
        >
          <li>
            <span
              className="title"
            >
              Actions
            </span>
          </li>
          <Popconfirm
            cancelText="Cancel"
            icon={
              <Icon
                theme="filled"
                type="exclamation-circle"
              />
            }
            key="0"
            okText="Confirm"
            okType="primary"
            onConfirm={[Function]}
            placement="top"
            prefixCls="ant-popover"
            title="Are you sure to delete this order?"
            transitionName="zoom-big"
            trigger="click"
          >
            <li
              key="0"
              onClick={[Function]}
              style={
                Object {
                  "height": "28px",
                }
              }
            >
              <button
                className="form-button"
                disabled={false}
              >
                cancel
              </button>
            </li>
          </Popconfirm>
          <Popconfirm
            cancelText="Cancel"
            icon={
              <Icon
                theme="filled"
                type="exclamation-circle"
              />
            }
            key="1"
            okText="Confirm"
            okType="primary"
            onConfirm={[Function]}
            placement="top"
            prefixCls="ant-popover"
            title="Are you sure to delete this order?"
            transitionName="zoom-big"
            trigger="click"
          >
            <li
              key="1"
              onClick={[Function]}
              style={
                Object {
                  "height": "28px",
                }
              }
            >
              <button
                className="form-button"
                disabled={true}
              >
                cancel
              </button>
            </li>
          </Popconfirm>
        </ul>
      </div>
    </styled.div>
  </styled.div>
</Styled(Card)>
`;

exports[`OperationHistory Test User Login Test Snapshot 4`] = `
<Styled(Card)
  margin="0 10px 0 0"
  title={
    <styled.div>
      ORDER HISTORY
      <Select
        choiceTransitionName="zoom"
        onChange={[Function]}
        prefixCls="ant-select"
        showSearch={false}
        style={
          Object {
            "width": 200,
          }
        }
        transitionName="slide-up"
        value="Summary"
      >
        <Option
          value="Detail"
        >
          Detail
        </Option>
        <Option
          value="Summary"
        >
          Summary
        </Option>
      </Select>
    </styled.div>
  }
  width="800px"
>
  <styled.div
    center={true}
    horizontal={true}
  >
    <styled.div>
      <div
        className="status-list-wrapper"
      >
        <ul>
          <li
            className="right"
          >
            <span
              className="title"
              style={
                Object {
                  "textAlign": "center",
                  "width": 30,
                }
              }
            >
              AMT
            </span>
            <span
              className="title"
              style={
                Object {
                  "textAlign": "center",
                  "width": 30,
                }
              }
            >
              BAL
            </span>
            <span
              className="title"
              style={
                Object {
                  "textAlign": "center",
                  "width": 30,
                }
              }
            >
              FILL
            </span>
            <span
              className="title"
              style={
                Object {
                  "textAlign": "center",
                  "width": 30,
                }
              }
            >
              PRICE
            </span>
            <span
              className="title"
              style={
                Object {
                  "textAlign": "center",
                  "width": 30,
                }
              }
            >
              SIDE
            </span>
            <span
              className="title"
              style={
                Object {
                  "textAlign": "center",
                  "width": 30,
                }
              }
            >
              Actions
            </span>
            <span
              className="title"
              style={
                Object {
                  "textAlign": "center",
                  "width": 120,
                }
              }
            >
              Time
            </span>
          </li>
          <li
            key="0"
            style={
              Object {
                "height": "40px",
              }
            }
          >
            <span
              className="content"
              style={
                Object {
                  "textAlign": "center",
                  "width": 30,
                }
              }
            >
              2.00
            </span>
            <span
              className="content"
              style={
                Object {
                  "textAlign": "center",
                  "width": 30,
                }
              }
            >
              1.00
            </span>
            <span
              className="content"
              style={
                Object {
                  "textAlign": "center",
                  "width": 30,
                }
              }
            >
              -
            </span>
            <span
              className="title"
              style={
                Object {
                  "textAlign": "center",
                  "width": 30,
                }
              }
            >
              0.1667
            </span>
            <span
              className="title"
              style={
                Object {
                  "textAlign": "center",
                  "width": 30,
                }
              }
            >
              ask
            </span>
            <span
              className="title"
              style={
                Object {
                  "textAlign": "center",
                  "width": 30,
                }
              }
            >
              add
            </span>
            <span
              className="title"
              style={
                Object {
                  "textAlign": "center",
                  "width": 120,
                }
              }
            >
              02-11-2018 15:16:47
            </span>
          </li>
          <li
            key="1"
            style={
              Object {
                "height": "40px",
              }
            }
          >
            <span
              className="content"
              style={
                Object {
                  "textAlign": "center",
                  "width": 30,
                }
              }
            >
              2.00
            </span>
            <span
              className="content"
              style={
                Object {
                  "textAlign": "center",
                  "width": 30,
                }
              }
            >
              1.00
            </span>
            <span
              className="content"
              style={
                Object {
                  "textAlign": "center",
                  "width": 30,
                }
              }
            >
              -
            </span>
            <span
              className="title"
              style={
                Object {
                  "textAlign": "center",
                  "width": 30,
                }
              }
            >
              0.1667
            </span>
            <span
              className="title"
              style={
                Object {
                  "textAlign": "center",
                  "width": 30,
                }
              }
            >
              ask
            </span>
            <span
              className="title"
              style={
                Object {
                  "textAlign": "center",
                  "width": 30,
                }
              }
            >
              add
            </span>
            <span
              className="title"
              style={
                Object {
                  "textAlign": "center",
                  "width": 120,
                }
              }
            >
              02-11-2018 15:16:47
            </span>
          </li>
        </ul>
      </div>
    </styled.div>
    <styled.div
      fixWidth={true}
      style={
        Object {
          "width": "100px",
        }
      }
    >
      <div
        className="status-list-wrapper narrow"
      >
        <ul
          className="noborder"
        >
          <li>
            <span
              className="title"
            >
              Status
            </span>
          </li>
          <li
            key="0"
            style={
              Object {
                "height": "28px",
              }
            }
          >
            <span
              className="title"
            >
              confirm
            </span>
          </li>
          <li
            key="1"
            style={
              Object {
                "height": "28px",
              }
            }
          >
            <span
              className="title"
            >
              pending
            </span>
          </li>
        </ul>
      </div>
    </styled.div>
    <styled.div
      fixWidth={true}
      style={
        Object {
          "width": "150px",
        }
      }
    >
      <div
        className="status-list-wrapper narrow"
      >
        <ul
          className="noborder"
        >
          <li>
            <span
              className="title"
            >
              Actions
            </span>
          </li>
          <Popconfirm
            cancelText="Cancel"
            icon={
              <Icon
                theme="filled"
                type="exclamation-circle"
              />
            }
            key="0"
            okText="Confirm"
            okType="primary"
            onConfirm={[Function]}
            placement="top"
            prefixCls="ant-popover"
            title="Are you sure to delete this order?"
            transitionName="zoom-big"
            trigger="click"
          >
            <li
              key="0"
              onClick={[Function]}
              style={
                Object {
                  "height": "28px",
                }
              }
            >
              <button
                className="form-button"
                disabled={false}
              >
                cancel
              </button>
            </li>
          </Popconfirm>
          <Popconfirm
            cancelText="Cancel"
            icon={
              <Icon
                theme="filled"
                type="exclamation-circle"
              />
            }
            key="1"
            okText="Confirm"
            okType="primary"
            onConfirm={[Function]}
            placement="top"
            prefixCls="ant-popover"
            title="Are you sure to delete this order?"
            transitionName="zoom-big"
            trigger="click"
          >
            <li
              key="1"
              onClick={[Function]}
              style={
                Object {
                  "height": "28px",
                }
              }
            >
              <button
                className="form-button"
                disabled={true}
              >
                cancel
              </button>
            </li>
          </Popconfirm>
        </ul>
      </div>
    </styled.div>
  </styled.div>
</Styled(Card)>
`;
