// Jest Snapshot v1, https://goo.gl/fbAQLP

exports[`OrderHistoryCard Test Test Snapshot Test Snapshot 1`] = `
<Styled(Card)
  margin="0 10px 0 10px"
  title={
    <styled.div>
      ORDER HISTORY
    </styled.div>
  }
  width="760px"
>
  <styled.div>
    <Table
      bordered={false}
      className=""
      dataSource={
        Array [
          Object {
            "Amount": 123,
            "Balance": 123,
            "Expiry": "1970-01-01 07:30",
            "Fee": "123 test",
            "Fill": 123,
            "Order Hash": "tesst123",
            "Price": 123,
            "Side": "Buy",
            "children": Array [],
            "key": 1233,
          },
          Object {
            "Amount": 123,
            "Balance": 123,
            "Expiry": "1970-01-01 07:30",
            "Fee": "123 test",
            "Fill": 123,
            "Order Hash": "test",
            "Price": 123,
            "Side": "Sell",
            "children": Array [
              Object {
                "Amount": 123,
                "Balance": 123,
                "Expiry": "1970-01-01 07:30",
                "Fee": "123 test",
                "Fill": 123,
                "Order Hash": "test",
                "Price": 123,
                "Side": "Sell",
                "key": 123,
              },
            ],
            "key": 1234,
          },
        ]
      }
      indentSize={20}
      loading={false}
      locale={Object {}}
      pagination={false}
      prefixCls="ant-table"
      rowKey="key"
      showHeader={true}
      size="default"
      style={
        Object {
          "width": "800px",
        }
      }
      useFixedHeader={false}
    >
      <Column
        dataIndex="Side"
        key="Side"
        title="Side"
      />
      <Column
        dataIndex="Price"
        key="Price"
        title="Price"
      />
      <Column
        dataIndex="Amount"
        key="Amount"
        title="Amount"
      />
      <Column
        dataIndex="Balance"
        key="Balance"
        title="Balance"
      />
      <Column
        dataIndex="Fill"
        key="Fill"
        title="Fill"
      />
      <Column
        dataIndex="Fee"
        key="Fee"
        title="Fee"
      />
      <Column
        dataIndex="Expiry"
        key="Expiry"
        title="Expiry"
      />
    </Table>
  </styled.div>
</Styled(Card)>
`;
