// Jest Snapshot v1, https://goo.gl/fbAQLP

exports[`StatusCard Test Test Snapshot Test Snapshot 1`] = `
<Styled(Card)
  inlinetype="table"
  margin="20px 0 0 0"
  title={
    <styled.div>
      Status
    </styled.div>
  }
  width="100%"
>
  <styled.div>
    <Table
      bordered={false}
      className=""
      dataSource={
        Array [
          Object {
            "Hostname": "test1",
            "Info": 123,
            "Pair": "test1",
            "Process": "test1",
            "Updated": "long time ago",
            "key": "test1test1test1",
          },
          Object {
            "Hostname": "test",
            "Info": 123,
            "Pair": "test",
            "Process": "test",
            "Updated": "long time ago",
            "key": "testtesttest",
          },
        ]
      }
      indentSize={20}
      loading={false}
      locale={Object {}}
      pagination={false}
      prefixCls="ant-table"
      rowKey="key"
      showHeader={true}
      size="default"
      useFixedHeader={false}
    >
      <Column
        dataIndex="Process"
        key="Process"
        title="Process"
      />
      <Column
        dataIndex="Pair"
        key="Pair"
        title="Pair"
      />
      <Column
        dataIndex="Updated"
        key="Updated"
        title="Updated"
      />
      <Column
        dataIndex="Hostname"
        key="Hostname"
        title="Hostname"
      />
      <Column
        dataIndex="Info"
        key="Info"
        title="Info"
      />
    </Table>
  </styled.div>
</Styled(Card)>
`;
