// Jest Snapshot v1, https://goo.gl/fbAQLP

exports[`TradeCard Test Test Snapshot Test Snapshot 1`] = `
<div
  style={
    Object {
      "display": "block",
    }
  }
>
  <div
    className="popup-bg popup-open-bg"
  />
  <Styled(Card)
    className="popup-card popup-open"
    extra={
      <styled.div
        horizontal={true}
        width="40px"
      >
        <img
          className="cardpopup-close"
          src={null}
        />
        <img
          className="cardpopup-close"
          onClick={[MockFunction]}
          src={null}
        />
      </styled.div>
    }
    noBodymargin={true}
    title={
      <styled.div>
        Trade test/WETH
      </styled.div>
    }
    width="360px"
  >
    <div
      className="convert-popup-des"
    >
      <Component
        n={1}
        token="test"
      />
      <div
        className="trade-nav"
      >
        <span
          className="navspan"
        >
          NAV
        </span>
        <span
          className="trade-nav-px"
        >
          1.000000 ETH
        </span>
        <span
          style={
            Object {
              "color": "rgba(64,79,84,.6)",
              "fontSize": 10,
            }
          }
        >
          Last updated: just now
        </span>
      </div>
    </div>
    <styled.div
      horizontal={true}
    >
      <styled.div>
        <div
          className="status-list-wrapper"
        >
          <ul>
            <li
              key="0"
              style={
                Object {
                  "padding": "5px 5px 5px 30px",
                }
              }
            >
              <span
                className="content"
              >
                123.0
              </span>
              <span
                className="title bid-span"
              >
                <b>
                  123.000000
                </b>
              </span>
            </li>
            <li
              key="1"
              style={
                Object {
                  "padding": "5px 5px 5px 30px",
                }
              }
            >
              <span
                className="content"
              >
                -
              </span>
              <span
                className="title bid-span"
              >
                <b>
                  -
                </b>
              </span>
            </li>
            <li
              key="2"
              style={
                Object {
                  "padding": "5px 5px 5px 30px",
                }
              }
            >
              <span
                className="content"
              >
                -
              </span>
              <span
                className="title bid-span"
              >
                <b>
                  -
                </b>
              </span>
            </li>
          </ul>
        </div>
      </styled.div>
      <styled.div>
        <div
          className="status-list-wrapper"
        >
          <ul>
            <li
              key="0"
              style={
                Object {
                  "padding": "5px 30px 5px 5px",
                }
              }
            >
              <span
                className="title ask-span"
              >
                <b>
                  123.000000
                </b>
              </span>
              <span
                className="content"
              >
                123.0
              </span>
            </li>
            <li
              key="1"
              style={
                Object {
                  "padding": "5px 30px 5px 5px",
                }
              }
            >
              <span
                className="title ask-span"
              >
                <b>
                  -
                </b>
              </span>
              <span
                className="content"
              >
                -
              </span>
            </li>
            <li
              key="2"
              style={
                Object {
                  "padding": "5px 30px 5px 5px",
                }
              }
            >
              <span
                className="title ask-span"
              >
                <b>
                  -
                </b>
              </span>
              <span
                className="content"
              >
                -
              </span>
            </li>
          </ul>
        </div>
      </styled.div>
    </styled.div>
    <Spin
      prefixCls="ant-spin"
      size="default"
      spinning={false}
      tip="Pending Order Signature"
      wrapperClassName=""
    >
      <styled.div>
        <styled.div
          horizontal={true}
          padding="10px;"
          width="100%"
        >
          <button
            className="conv-button selected"
            onClick={[Function]}
          >
            BUY
          </button>
          <button
            className="conv-button non-select"
            onClick={[Function]}
          >
            SELL
          </button>
        </styled.div>
        <styled.div
          noMargin={true}
          width="100%"
        >
          <div
            className="status-list-wrapper"
          >
            <ul>
              <li
                style={
                  Object {
                    "padding": "5px 15px",
                  }
                }
              >
                <div
                  className="tabletitle"
                  style={
                    Object {
                      "textAlign": "left",
                      "width": "20%",
                    }
                  }
                >
                  Token
                </div>
                <div
                  className="tabletitle"
                >
                  test
                </div>
                <div
                  className="tabletitle"
                >
                  WETH
                </div>
              </li>
              <li
                style={
                  Object {
                    "padding": "5px 15px",
                  }
                }
              >
                <div
                  className="tabletitle"
                  style={
                    Object {
                      "textAlign": "left",
                      "width": "20%",
                    }
                  }
                >
                  Balance
                </div>
                <div
                  className="tablecontent"
                >
                  123.0
                </div>
                <div
                  className="tablecontent"
                >
                  123.0
                </div>
              </li>
            </ul>
          </div>
        </styled.div>
        <styled.div
          noLiBorder={true}
          noUlBorder={true}
        >
          <div
            className="status-list-wrapper"
          >
            <ul>
              <li
                className="input-line"
                style={
                  Object {
                    "marginBottom": 0,
                    "padding": "0 10px",
                  }
                }
              >
                <span
                  className="input-des"
                >
                  Price
                </span>
                <styled.input
                  min={0}
                  onBlur={[Function]}
                  onChange={[Function]}
                  right={true}
                  step={0.000005}
                  type="number"
                  value=""
                  width="100%"
                />
              </li>
              <li
                className="input-line"
                style={
                  Object {
                    "flexDirection": "row-reverse",
                    "padding": "5px 15px",
                  }
                }
              >
                <span
                  className="des"
                >
                  estimated USD price
                </span>
              </li>
              <li
                className="input-line"
                style={
                  Object {
                    "marginBottom": 0,
                    "padding": "0 10px",
                  }
                }
              >
                <span
                  className="input-des"
                >
                  Amount
                </span>
                <styled.input
                  disabled={true}
                  min={0}
                  onBlur={[Function]}
                  onChange={[Function]}
                  right={true}
                  step={0.1}
                  type="number"
                  value=""
                  width="100%"
                />
              </li>
              <li
                className="input-line"
                style={
                  Object {
                    "padding": "0px 15px",
                  }
                }
              >
                <Styled(Slider)
                  disabled={true}
                  marks={
                    Object {
                      "0": Object {
                        "label": <strong>
                          0%
                        </strong>,
                      },
                      "100": Object {
                        "label": <strong>
                          100%
                        </strong>,
                      },
                      "25": Object {
                        "label": <strong>
                          25%
                        </strong>,
                      },
                      "50": Object {
                        "label": <strong>
                          50%
                        </strong>,
                      },
                      "75": Object {
                        "label": <strong>
                          75%
                        </strong>,
                      },
                    }
                  }
                  onChange={[Function]}
                  step={1}
                  value={0}
                />
              </li>
              <li
                className="input-line"
                style={
                  Object {
                    "padding": "0 15px",
                  }
                }
              >
                <span
                  className="title"
                  style={
                    Object {
                      "width": 40,
                    }
                  }
                >
                  Expiry
                </span>
                <styled.div
                  horizontal={true}
                  rowInv={true}
                  width="46%"
                >
                  <RadioGroup
                    buttonStyle="outline"
                    disabled={false}
                    onChange={[Function]}
                    prefixCls="ant-radio"
                    value={1}
                  >
                    <Radio
                      prefixCls="ant-radio"
                      type="radio"
                      value={1}
                    >
                      Day
                    </Radio>
                    <Radio
                      prefixCls="ant-radio"
                      type="radio"
                      value={2}
                    >
                      Month
                    </Radio>
                  </RadioGroup>
                </styled.div>
                <div
                  className="convert-radio-des"
                >
                  Valid till 1970-01-01 19:00:00
                </div>
              </li>
            </ul>
          </div>
        </styled.div>
      </styled.div>
      <div
        className="convert-popup-des"
      >
        Buy test with WETH
      </div>
      <div
        className="convert-popup-des"
      >
        Pay 0.1 test fee
      </div>
      <styled.div
        horizontal={true}
        padding="10px"
        width="100%"
      >
        <styled.button
          onClick={[Function]}
          width="49%"
        >
          Reset
        </styled.button>
        <styled.button
          disable={true}
          onClick={[Function]}
          style={
            Object {
              "opacity": 0.3,
            }
          }
          width="49%"
        >
          Buy
        </styled.button>
      </styled.div>
    </Spin>
  </Styled(Card)>
</div>
`;
