// Jest Snapshot v1, https://goo.gl/fbAQLP

exports[`WrapEtherCard Test Test Snapshot Test Snapshot 1`] = `
<Styled(Card)
  margin="0 0 0 5px"
  title={
    <styled.div>
      WETH
    </styled.div>
  }
  width="370px"
>
  <styled.div>
    <styled.div>
      <div
        className="status-list-wrapper"
      >
        <ul>
          <li
            className="block-title"
          >
            <span>
              WETH
            </span>
          </li>
          <li
            className="input-line"
          >
            <span
              className="title"
              style={
                Object {
                  "width": 200,
                }
              }
            >
              Amount
            </span>
            <styled.input
              className=""
              onChange={[Function]}
              placeholder="Amount"
              right={true}
              value=""
              width="60%"
            />
          </li>
          <li>
            <styled.div
              horizontal={true}
              marginTop="10px"
              padding="0"
              width="100%"
            >
              <button
                className="form-button"
                disabled={true}
                onClick={[Function]}
              >
                Wrap
              </button>
              <button
                className="form-button"
                disabled={true}
                onClick={[Function]}
              >
                Unwrap
              </button>
            </styled.div>
          </li>
        </ul>
      </div>
    </styled.div>
  </styled.div>
</Styled(Card)>
`;
