// Jest Snapshot v1, https://goo.gl/fbAQLP

exports[`store actions 1`] = `
Object {
  "dex": Object {
    "orderBookSnapshot": Object {
      "asks": Array [],
      "bids": Array [],
      "pair": "pair",
      "version": 0,
    },
    "orderBookSubscription": "",
  },
  "ui": Object {
    "locale": "EN",
  },
  "web3": Object {
    "account": "0x0000000000000000000000000000000000000000",
    "custodianTokenBalances": Object {},
    "custodians": Object {},
    "ethBalance": Object {
      "allowance": 0,
      "eth": 0,
      "weth": 0,
    },
    "network": 0,
  },
  "ws": Object {
    "acceptedPrices": Object {},
    "connection": false,
    "status": Array [],
    "tokens": Array [],
  },
}
`;
