// Jest Snapshot v1, https://goo.gl/fbAQLP

exports[`store actions 1`] = `
Object {
  "dex": Object {
    "orderBookSnapshot": Object {
      "asks": Array [],
      "bids": Array [],
      "pair": "pair",
      "version": 0,
    },
    "orderBookSubscription": "",
    "userOrderSubscription": 0,
    "userOrders": Array [],
  },
  "dynamo": Object {
    "status": Array [],
  },
  "ui": Object {
    "locale": "EN",
  },
  "web3": Object {
    "account": "0x0000000000000000000000000000000000000000",
    "network": 0,
  },
  "ws": Object {
    "connection": false,
    "tokens": Array [],
  },
}
`;
