// Jest Snapshot v1, https://goo.gl/fbAQLP

exports[`store actions 1`] = `
Object {
  "relayer": Object {
    "acceptedPrices": Object {},
    "connection": false,
    "exchangePrices": Object {},
    "notification": Object {
      "level": "",
      "message": "",
      "title": "",
      "transactionHash": "",
    },
    "orderBookSnapshots": Object {},
    "orderHistory": Object {},
    "orderSubscription": "",
    "status": Array [],
    "tokens": Array [],
    "trades": Object {},
  },
  "ui": Object {
    "locale": "EN",
  },
  "web3": Object {
    "account": "0x0000000000000000000000000000000000000000",
    "custodianTokenBalances": Object {},
    "custodians": Object {},
    "ethBalance": Object {
      "allowance": 0,
      "eth": 0,
      "weth": 0,
    },
    "network": 0,
  },
}
`;
